// Jest Snapshot v1, https://goo.gl/fbAQLP

exports[`keyframesEditor should match the snapshot 1`] = `
ShallowWrapper {
  Symbol(enzyme.__root__): [Circular],
  Symbol(enzyme.__unrendered__): <KeyframesEditor
    animation={
      Object {
        "keyframes": Object {
          "name": "slideInX",
          "sections": Array [
            Object {
              "label": "0%",
              "name": "0%",
              "properties": Array [
                Object {
                  "name": "transform",
                  "value": "translateX(-300px)",
                },
              ],
            },
            Object {
              "label": "100%",
              "name": "100%",
              "properties": Array [
                Object {
                  "name": "transform",
                  "value": "translateX(0px)",
                },
              ],
            },
          ],
        },
        "properties": Object {
          "delay": "0s",
          "direction": "normal",
          "duration": "1.5s",
          "fillMode": "forwards",
          "iterationCount": "1",
          "name": "slideInX",
          "timingFunction": "ease",
        },
      }
    }
    updateAnimation={[MockFunction]}
  />,
  Symbol(enzyme.__renderer__): Object {
    "batchedUpdates": [Function],
    "getNode": [Function],
    "render": [Function],
    "simulateError": [Function],
    "simulateEvent": [Function],
    "unmount": [Function],
  },
  Symbol(enzyme.__node__): Object {
    "instance": null,
    "key": undefined,
    "nodeType": "host",
    "props": Object {
      "children": <div
        className="keyframe"
      >
        <p
          className="keyframes-name"
        >
          <span>
            @keyframes 
          </span>
          slideInX
           
          <span>
             
            {
          </span>
        </p>
        <div
          className="keyframes-section"
        >
          <input
            className="keyframes-label 0%"
            onChange={[Function]}
            type="text"
            value="0%"
          />
          <span>
             
            {
          </span>
          <div
            className="props-container"
          >
            <p
              className="keyframe-property"
            >
              transform
              <span>
                :
              </span>
            </p>
            <input
              className="keyframe-prop-value transform"
              onChange={[Function]}
              type="text"
              value="translateX(-300px)"
            />
          </div>
          <p
            className="close-curly"
          >
            }
          </p>
        </div>
        <div
          className="keyframes-section"
        >
          <input
            className="keyframes-label 100%"
            onChange={[Function]}
            type="text"
            value="100%"
          />
          <span>
             
            {
          </span>
          <div
            className="props-container"
          >
            <p
              className="keyframe-property"
            >
              transform
              <span>
                :
              </span>
            </p>
            <input
              className="keyframe-prop-value transform"
              onChange={[Function]}
              type="text"
              value="translateX(0px)"
            />
          </div>
          <p
            className="close-curly"
          >
            }
          </p>
        </div>
        <p
          className="close-curly"
        >
          }
        </p>
      </div>,
      "className": "keyframes-container",
    },
    "ref": null,
    "rendered": Object {
      "instance": null,
      "key": undefined,
      "nodeType": "host",
      "props": Object {
        "children": Array [
          <p
            className="keyframes-name"
          >
            <span>
              @keyframes 
            </span>
            slideInX
             
            <span>
               
              {
            </span>
          </p>,
          Array [
            <div
              className="keyframes-section"
            >
              <input
                className="keyframes-label 0%"
                onChange={[Function]}
                type="text"
                value="0%"
              />
              <span>
                 
                {
              </span>
              <div
                className="props-container"
              >
                <p
                  className="keyframe-property"
                >
                  transform
                  <span>
                    :
                  </span>
                </p>
                <input
                  className="keyframe-prop-value transform"
                  onChange={[Function]}
                  type="text"
                  value="translateX(-300px)"
                />
              </div>
              <p
                className="close-curly"
              >
                }
              </p>
            </div>,
            <div
              className="keyframes-section"
            >
              <input
                className="keyframes-label 100%"
                onChange={[Function]}
                type="text"
                value="100%"
              />
              <span>
                 
                {
              </span>
              <div
                className="props-container"
              >
                <p
                  className="keyframe-property"
                >
                  transform
                  <span>
                    :
                  </span>
                </p>
                <input
                  className="keyframe-prop-value transform"
                  onChange={[Function]}
                  type="text"
                  value="translateX(0px)"
                />
              </div>
              <p
                className="close-curly"
              >
                }
              </p>
            </div>,
          ],
          <p
            className="close-curly"
          >
            }
          </p>,
        ],
        "className": "keyframe",
      },
      "ref": null,
      "rendered": Array [
        Object {
          "instance": null,
          "key": undefined,
          "nodeType": "host",
          "props": Object {
            "children": Array [
              <span>
                @keyframes 
              </span>,
              "slideInX",
              " ",
              <span>
                 
                {
              </span>,
            ],
            "className": "keyframes-name",
          },
          "ref": null,
          "rendered": Array [
            Object {
              "instance": null,
              "key": undefined,
              "nodeType": "host",
              "props": Object {
                "children": "@keyframes ",
              },
              "ref": null,
              "rendered": "@keyframes ",
              "type": "span",
            },
            "slideInX",
            " ",
            Object {
              "instance": null,
              "key": undefined,
              "nodeType": "host",
              "props": Object {
                "children": Array [
                  " ",
                  "{",
                ],
              },
              "ref": null,
              "rendered": Array [
                " ",
                "{",
              ],
              "type": "span",
            },
          ],
          "type": "p",
        },
        Object {
          "instance": null,
          "key": "uid1",
          "nodeType": "host",
          "props": Object {
            "children": Array [
              <input
                className="keyframes-label 0%"
                onChange={[Function]}
                type="text"
                value="0%"
              />,
              <span>
                 
                {
              </span>,
              Array [
                <div
                  className="props-container"
                >
                  <p
                    className="keyframe-property"
                  >
                    transform
                    <span>
                      :
                    </span>
                  </p>
                  <input
                    className="keyframe-prop-value transform"
                    onChange={[Function]}
                    type="text"
                    value="translateX(-300px)"
                  />
                </div>,
              ],
              <p
                className="close-curly"
              >
                }
              </p>,
            ],
            "className": "keyframes-section",
          },
          "ref": null,
          "rendered": Array [
            Object {
              "instance": null,
              "key": undefined,
              "nodeType": "host",
              "props": Object {
                "className": "keyframes-label 0%",
                "onChange": [Function],
                "type": "text",
                "value": "0%",
              },
              "ref": null,
              "rendered": null,
              "type": "input",
            },
            Object {
              "instance": null,
              "key": undefined,
              "nodeType": "host",
              "props": Object {
                "children": Array [
                  " ",
                  "{",
                ],
              },
              "ref": null,
              "rendered": Array [
                " ",
                "{",
              ],
              "type": "span",
            },
            Object {
              "instance": null,
              "key": "uid2",
              "nodeType": "host",
              "props": Object {
                "children": Array [
                  <p
                    className="keyframe-property"
                  >
                    transform
                    <span>
                      :
                    </span>
                  </p>,
                  <input
                    className="keyframe-prop-value transform"
                    onChange={[Function]}
                    type="text"
                    value="translateX(-300px)"
                  />,
                ],
                "className": "props-container",
              },
              "ref": null,
              "rendered": Array [
                Object {
                  "instance": null,
                  "key": undefined,
                  "nodeType": "host",
                  "props": Object {
                    "children": Array [
                      "transform",
                      <span>
                        :
                      </span>,
                    ],
                    "className": "keyframe-property",
                  },
                  "ref": null,
                  "rendered": Array [
                    "transform",
                    Object {
                      "instance": null,
                      "key": undefined,
                      "nodeType": "host",
                      "props": Object {
                        "children": ":",
                      },
                      "ref": null,
                      "rendered": ":",
                      "type": "span",
                    },
                  ],
                  "type": "p",
                },
                Object {
                  "instance": null,
                  "key": undefined,
                  "nodeType": "host",
                  "props": Object {
                    "className": "keyframe-prop-value transform",
                    "onChange": [Function],
                    "type": "text",
                    "value": "translateX(-300px)",
                  },
                  "ref": null,
                  "rendered": null,
                  "type": "input",
                },
              ],
              "type": "div",
            },
            Object {
              "instance": null,
              "key": undefined,
              "nodeType": "host",
              "props": Object {
                "children": "}",
                "className": "close-curly",
              },
              "ref": null,
              "rendered": "}",
              "type": "p",
            },
          ],
          "type": "div",
        },
        Object {
          "instance": null,
          "key": "uid3",
          "nodeType": "host",
          "props": Object {
            "children": Array [
              <input
                className="keyframes-label 100%"
                onChange={[Function]}
                type="text"
                value="100%"
              />,
              <span>
                 
                {
              </span>,
              Array [
                <div
                  className="props-container"
                >
                  <p
                    className="keyframe-property"
                  >
                    transform
                    <span>
                      :
                    </span>
                  </p>
                  <input
                    className="keyframe-prop-value transform"
                    onChange={[Function]}
                    type="text"
                    value="translateX(0px)"
                  />
                </div>,
              ],
              <p
                className="close-curly"
              >
                }
              </p>,
            ],
            "className": "keyframes-section",
          },
          "ref": null,
          "rendered": Array [
            Object {
              "instance": null,
              "key": undefined,
              "nodeType": "host",
              "props": Object {
                "className": "keyframes-label 100%",
                "onChange": [Function],
                "type": "text",
                "value": "100%",
              },
              "ref": null,
              "rendered": null,
              "type": "input",
            },
            Object {
              "instance": null,
              "key": undefined,
              "nodeType": "host",
              "props": Object {
                "children": Array [
                  " ",
                  "{",
                ],
              },
              "ref": null,
              "rendered": Array [
                " ",
                "{",
              ],
              "type": "span",
            },
            Object {
              "instance": null,
              "key": "uid4",
              "nodeType": "host",
              "props": Object {
                "children": Array [
                  <p
                    className="keyframe-property"
                  >
                    transform
                    <span>
                      :
                    </span>
                  </p>,
                  <input
                    className="keyframe-prop-value transform"
                    onChange={[Function]}
                    type="text"
                    value="translateX(0px)"
                  />,
                ],
                "className": "props-container",
              },
              "ref": null,
              "rendered": Array [
                Object {
                  "instance": null,
                  "key": undefined,
                  "nodeType": "host",
                  "props": Object {
                    "children": Array [
                      "transform",
                      <span>
                        :
                      </span>,
                    ],
                    "className": "keyframe-property",
                  },
                  "ref": null,
                  "rendered": Array [
                    "transform",
                    Object {
                      "instance": null,
                      "key": undefined,
                      "nodeType": "host",
                      "props": Object {
                        "children": ":",
                      },
                      "ref": null,
                      "rendered": ":",
                      "type": "span",
                    },
                  ],
                  "type": "p",
                },
                Object {
                  "instance": null,
                  "key": undefined,
                  "nodeType": "host",
                  "props": Object {
                    "className": "keyframe-prop-value transform",
                    "onChange": [Function],
                    "type": "text",
                    "value": "translateX(0px)",
                  },
                  "ref": null,
                  "rendered": null,
                  "type": "input",
                },
              ],
              "type": "div",
            },
            Object {
              "instance": null,
              "key": undefined,
              "nodeType": "host",
              "props": Object {
                "children": "}",
                "className": "close-curly",
              },
              "ref": null,
              "rendered": "}",
              "type": "p",
            },
          ],
          "type": "div",
        },
        Object {
          "instance": null,
          "key": undefined,
          "nodeType": "host",
          "props": Object {
            "children": "}",
            "className": "close-curly",
          },
          "ref": null,
          "rendered": "}",
          "type": "p",
        },
      ],
      "type": "div",
    },
    "type": "div",
  },
  Symbol(enzyme.__nodes__): Array [
    Object {
      "instance": null,
      "key": undefined,
      "nodeType": "host",
      "props": Object {
        "children": <div
          className="keyframe"
        >
          <p
            className="keyframes-name"
          >
            <span>
              @keyframes 
            </span>
            slideInX
             
            <span>
               
              {
            </span>
          </p>
          <div
            className="keyframes-section"
          >
            <input
              className="keyframes-label 0%"
              onChange={[Function]}
              type="text"
              value="0%"
            />
            <span>
               
              {
            </span>
            <div
              className="props-container"
            >
              <p
                className="keyframe-property"
              >
                transform
                <span>
                  :
                </span>
              </p>
              <input
                className="keyframe-prop-value transform"
                onChange={[Function]}
                type="text"
                value="translateX(-300px)"
              />
            </div>
            <p
              className="close-curly"
            >
              }
            </p>
          </div>
          <div
            className="keyframes-section"
          >
            <input
              className="keyframes-label 100%"
              onChange={[Function]}
              type="text"
              value="100%"
            />
            <span>
               
              {
            </span>
            <div
              className="props-container"
            >
              <p
                className="keyframe-property"
              >
                transform
                <span>
                  :
                </span>
              </p>
              <input
                className="keyframe-prop-value transform"
                onChange={[Function]}
                type="text"
                value="translateX(0px)"
              />
            </div>
            <p
              className="close-curly"
            >
              }
            </p>
          </div>
          <p
            className="close-curly"
          >
            }
          </p>
        </div>,
        "className": "keyframes-container",
      },
      "ref": null,
      "rendered": Object {
        "instance": null,
        "key": undefined,
        "nodeType": "host",
        "props": Object {
          "children": Array [
            <p
              className="keyframes-name"
            >
              <span>
                @keyframes 
              </span>
              slideInX
               
              <span>
                 
                {
              </span>
            </p>,
            Array [
              <div
                className="keyframes-section"
              >
                <input
                  className="keyframes-label 0%"
                  onChange={[Function]}
                  type="text"
                  value="0%"
                />
                <span>
                   
                  {
                </span>
                <div
                  className="props-container"
                >
                  <p
                    className="keyframe-property"
                  >
                    transform
                    <span>
                      :
                    </span>
                  </p>
                  <input
                    className="keyframe-prop-value transform"
                    onChange={[Function]}
                    type="text"
                    value="translateX(-300px)"
                  />
                </div>
                <p
                  className="close-curly"
                >
                  }
                </p>
              </div>,
              <div
                className="keyframes-section"
              >
                <input
                  className="keyframes-label 100%"
                  onChange={[Function]}
                  type="text"
                  value="100%"
                />
                <span>
                   
                  {
                </span>
                <div
                  className="props-container"
                >
                  <p
                    className="keyframe-property"
                  >
                    transform
                    <span>
                      :
                    </span>
                  </p>
                  <input
                    className="keyframe-prop-value transform"
                    onChange={[Function]}
                    type="text"
                    value="translateX(0px)"
                  />
                </div>
                <p
                  className="close-curly"
                >
                  }
                </p>
              </div>,
            ],
            <p
              className="close-curly"
            >
              }
            </p>,
          ],
          "className": "keyframe",
        },
        "ref": null,
        "rendered": Array [
          Object {
            "instance": null,
            "key": undefined,
            "nodeType": "host",
            "props": Object {
              "children": Array [
                <span>
                  @keyframes 
                </span>,
                "slideInX",
                " ",
                <span>
                   
                  {
                </span>,
              ],
              "className": "keyframes-name",
            },
            "ref": null,
            "rendered": Array [
              Object {
                "instance": null,
                "key": undefined,
                "nodeType": "host",
                "props": Object {
                  "children": "@keyframes ",
                },
                "ref": null,
                "rendered": "@keyframes ",
                "type": "span",
              },
              "slideInX",
              " ",
              Object {
                "instance": null,
                "key": undefined,
                "nodeType": "host",
                "props": Object {
                  "children": Array [
                    " ",
                    "{",
                  ],
                },
                "ref": null,
                "rendered": Array [
                  " ",
                  "{",
                ],
                "type": "span",
              },
            ],
            "type": "p",
          },
          Object {
            "instance": null,
            "key": "uid1",
            "nodeType": "host",
            "props": Object {
              "children": Array [
                <input
                  className="keyframes-label 0%"
                  onChange={[Function]}
                  type="text"
                  value="0%"
                />,
                <span>
                   
                  {
                </span>,
                Array [
                  <div
                    className="props-container"
                  >
                    <p
                      className="keyframe-property"
                    >
                      transform
                      <span>
                        :
                      </span>
                    </p>
                    <input
                      className="keyframe-prop-value transform"
                      onChange={[Function]}
                      type="text"
                      value="translateX(-300px)"
                    />
                  </div>,
                ],
                <p
                  className="close-curly"
                >
                  }
                </p>,
              ],
              "className": "keyframes-section",
            },
            "ref": null,
            "rendered": Array [
              Object {
                "instance": null,
                "key": undefined,
                "nodeType": "host",
                "props": Object {
                  "className": "keyframes-label 0%",
                  "onChange": [Function],
                  "type": "text",
                  "value": "0%",
                },
                "ref": null,
                "rendered": null,
                "type": "input",
              },
              Object {
                "instance": null,
                "key": undefined,
                "nodeType": "host",
                "props": Object {
                  "children": Array [
                    " ",
                    "{",
                  ],
                },
                "ref": null,
                "rendered": Array [
                  " ",
                  "{",
                ],
                "type": "span",
              },
              Object {
                "instance": null,
                "key": "uid2",
                "nodeType": "host",
                "props": Object {
                  "children": Array [
                    <p
                      className="keyframe-property"
                    >
                      transform
                      <span>
                        :
                      </span>
                    </p>,
                    <input
                      className="keyframe-prop-value transform"
                      onChange={[Function]}
                      type="text"
                      value="translateX(-300px)"
                    />,
                  ],
                  "className": "props-container",
                },
                "ref": null,
                "rendered": Array [
                  Object {
                    "instance": null,
                    "key": undefined,
                    "nodeType": "host",
                    "props": Object {
                      "children": Array [
                        "transform",
                        <span>
                          :
                        </span>,
                      ],
                      "className": "keyframe-property",
                    },
                    "ref": null,
                    "rendered": Array [
                      "transform",
                      Object {
                        "instance": null,
                        "key": undefined,
                        "nodeType": "host",
                        "props": Object {
                          "children": ":",
                        },
                        "ref": null,
                        "rendered": ":",
                        "type": "span",
                      },
                    ],
                    "type": "p",
                  },
                  Object {
                    "instance": null,
                    "key": undefined,
                    "nodeType": "host",
                    "props": Object {
                      "className": "keyframe-prop-value transform",
                      "onChange": [Function],
                      "type": "text",
                      "value": "translateX(-300px)",
                    },
                    "ref": null,
                    "rendered": null,
                    "type": "input",
                  },
                ],
                "type": "div",
              },
              Object {
                "instance": null,
                "key": undefined,
                "nodeType": "host",
                "props": Object {
                  "children": "}",
                  "className": "close-curly",
                },
                "ref": null,
                "rendered": "}",
                "type": "p",
              },
            ],
            "type": "div",
          },
          Object {
            "instance": null,
            "key": "uid3",
            "nodeType": "host",
            "props": Object {
              "children": Array [
                <input
                  className="keyframes-label 100%"
                  onChange={[Function]}
                  type="text"
                  value="100%"
                />,
                <span>
                   
                  {
                </span>,
                Array [
                  <div
                    className="props-container"
                  >
                    <p
                      className="keyframe-property"
                    >
                      transform
                      <span>
                        :
                      </span>
                    </p>
                    <input
                      className="keyframe-prop-value transform"
                      onChange={[Function]}
                      type="text"
                      value="translateX(0px)"
                    />
                  </div>,
                ],
                <p
                  className="close-curly"
                >
                  }
                </p>,
              ],
              "className": "keyframes-section",
            },
            "ref": null,
            "rendered": Array [
              Object {
                "instance": null,
                "key": undefined,
                "nodeType": "host",
                "props": Object {
                  "className": "keyframes-label 100%",
                  "onChange": [Function],
                  "type": "text",
                  "value": "100%",
                },
                "ref": null,
                "rendered": null,
                "type": "input",
              },
              Object {
                "instance": null,
                "key": undefined,
                "nodeType": "host",
                "props": Object {
                  "children": Array [
                    " ",
                    "{",
                  ],
                },
                "ref": null,
                "rendered": Array [
                  " ",
                  "{",
                ],
                "type": "span",
              },
              Object {
                "instance": null,
                "key": "uid4",
                "nodeType": "host",
                "props": Object {
                  "children": Array [
                    <p
                      className="keyframe-property"
                    >
                      transform
                      <span>
                        :
                      </span>
                    </p>,
                    <input
                      className="keyframe-prop-value transform"
                      onChange={[Function]}
                      type="text"
                      value="translateX(0px)"
                    />,
                  ],
                  "className": "props-container",
                },
                "ref": null,
                "rendered": Array [
                  Object {
                    "instance": null,
                    "key": undefined,
                    "nodeType": "host",
                    "props": Object {
                      "children": Array [
                        "transform",
                        <span>
                          :
                        </span>,
                      ],
                      "className": "keyframe-property",
                    },
                    "ref": null,
                    "rendered": Array [
                      "transform",
                      Object {
                        "instance": null,
                        "key": undefined,
                        "nodeType": "host",
                        "props": Object {
                          "children": ":",
                        },
                        "ref": null,
                        "rendered": ":",
                        "type": "span",
                      },
                    ],
                    "type": "p",
                  },
                  Object {
                    "instance": null,
                    "key": undefined,
                    "nodeType": "host",
                    "props": Object {
                      "className": "keyframe-prop-value transform",
                      "onChange": [Function],
                      "type": "text",
                      "value": "translateX(0px)",
                    },
                    "ref": null,
                    "rendered": null,
                    "type": "input",
                  },
                ],
                "type": "div",
              },
              Object {
                "instance": null,
                "key": undefined,
                "nodeType": "host",
                "props": Object {
                  "children": "}",
                  "className": "close-curly",
                },
                "ref": null,
                "rendered": "}",
                "type": "p",
              },
            ],
            "type": "div",
          },
          Object {
            "instance": null,
            "key": undefined,
            "nodeType": "host",
            "props": Object {
              "children": "}",
              "className": "close-curly",
            },
            "ref": null,
            "rendered": "}",
            "type": "p",
          },
        ],
        "type": "div",
      },
      "type": "div",
    },
  ],
  Symbol(enzyme.__options__): Object {
    "adapter": ReactSixteenAdapter {
      "options": Object {
        "enableComponentDidUpdateOnSetState": true,
        "lifecycles": Object {
          "componentDidUpdate": Object {
            "onSetState": true,
          },
          "getDerivedStateFromProps": true,
          "getSnapshotBeforeUpdate": true,
          "setState": Object {
            "skipsComponentDidUpdateOnNullish": true,
          },
        },
      },
    },
  },
}
`;

exports[`keyframesEditor should match the snapshot if there is no animation 1`] = `
ShallowWrapper {
  Symbol(enzyme.__root__): [Circular],
  Symbol(enzyme.__unrendered__): <KeyframesEditor
    animation={
      Object {
        "keyframes": null,
      }
    }
    currentAnimation="slideInX"
    updateAnimation={[MockFunction]}
  />,
  Symbol(enzyme.__renderer__): Object {
    "batchedUpdates": [Function],
    "getNode": [Function],
    "render": [Function],
    "simulateError": [Function],
    "simulateEvent": [Function],
    "unmount": [Function],
  },
  Symbol(enzyme.__node__): Object {
    "instance": null,
    "key": undefined,
    "nodeType": "host",
    "props": Object {},
    "ref": null,
    "rendered": null,
    "type": "div",
  },
  Symbol(enzyme.__nodes__): Array [
    Object {
      "instance": null,
      "key": undefined,
      "nodeType": "host",
      "props": Object {},
      "ref": null,
      "rendered": null,
      "type": "div",
    },
  ],
  Symbol(enzyme.__options__): Object {
    "adapter": ReactSixteenAdapter {
      "options": Object {
        "enableComponentDidUpdateOnSetState": true,
        "lifecycles": Object {
          "componentDidUpdate": Object {
            "onSetState": true,
          },
          "getDerivedStateFromProps": true,
          "getSnapshotBeforeUpdate": true,
          "setState": Object {
            "skipsComponentDidUpdateOnNullish": true,
          },
        },
      },
    },
  },
}
`;
